LinkedEditingInputVisible
accessibilityHelpWidgetVisible
accessibilityModeEnabled
activeEditor == 'WebviewEditor'
activeEditor == 'gettingStartedPage'
activeEditor == 'workbench.editor.interactive'
activeEditor == 'workbench.editor.notebook'
bannerFocused
breadcrumbsActive
breadcrumbsVisible
breakpointWidgetVisible
callHierarchyVisible
cancellableOperation
commentEditorFocused
config.editor.stablePeek
config.emacs-mcx.cursorMoveOnFindWidget
config.emacs-mcx.emacsLikeTab
config.emacs-mcx.useMetaPrefixEscape
dirtyDiffVisible
editorFocus
editorHasMultipleSelections
editorHasSelection
editorHoverFocused
editorHoverVisible
editorParameterHintsVisible
editorReadonly
editorTabCompletion
editorTabMovesFocus
editorTextFocus
emacs-mcx.acceptingRectCommand
emacs-mcx.minibufferReading
exceptionWidgetVisible
explorerResourceCut
explorerViewletVisible
filesExplorerFocus
findInputFocussed
findWidgetVisible
hasSymbols
inKeybindings
inKeybindingsSearch
inQuickOpen
inReferenceSearchEditor
inSearchEditor
inSettingsEditor
inSettingsJSONEditor
inSettingsSearch
inSnippetMode
inWelcome
inlineSuggestionVisible
inputFocus
interfaceOverviewVisible
isComposing
isWindows
listFocus
listHasSelectionOrFocus
markersNavigationVisible
messageVisible
notebookEditorFocused
notebookFindWidgetFocused
notificationCenterVisible
notificationFocus
notificationToastsVisible
parameterHintsMultipleSignatures
parameterHintsVisible
quickFixWidgetVisible
referenceSearchVisible
renameInputVisible
replaceInputBoxFocus
replaceInputFocussed
searchState != '0'
searchViewletVisible
sideBarFocus
statusBarFocused
suggestWidgetMultipleSuggestions
suggestWidgetVisible
terminalA11yTreeFocus
terminalFindVisible
terminalFocus
terminalHasBeenCreated
terminalProcessSupported
terminalTextSelected
testing.isInPeek
testing.isPeekVisible
textInputFocus
typeHierarchyVisible
webviewFindWidgetVisible
